
[Test_FetchPVPCPrices_Success - 1]
domain.PricesDto{
    ID:     "FOO-2023-09-08",
    Date:   "2023-09-08",
    Zone:   domain.ZoneDto{ID:"FOO", ExternalID:"1234", Name:"Foo Zone"},
    Values: {
        {Datetime:"2023-09-08T00:00:00+02:00", Value:151.9600067138672},
        {Datetime:"2023-09-08T01:00:00+02:00", Value:146.2100067138672},
        {Datetime:"2023-09-08T02:00:00+02:00", Value:144.6999969482422},
        {Datetime:"2023-09-08T03:00:00+02:00", Value:144.24000549316406},
        {Datetime:"2023-09-08T04:00:00+02:00", Value:143.22999572753906},
        {Datetime:"2023-09-08T05:00:00+02:00", Value:145.5500030517578},
        {Datetime:"2023-09-08T06:00:00+02:00", Value:147.0399932861328},
        {Datetime:"2023-09-08T07:00:00+02:00", Value:145.02999877929688},
        {Datetime:"2023-09-08T08:00:00+02:00", Value:163.7899932861328},
        {Datetime:"2023-09-08T09:00:00+02:00", Value:162.89999389648438},
        {Datetime:"2023-09-08T10:00:00+02:00", Value:208.94000244140625},
        {Datetime:"2023-09-08T11:00:00+02:00", Value:186.25},
        {Datetime:"2023-09-08T12:00:00+02:00", Value:185.08999633789062},
        {Datetime:"2023-09-08T13:00:00+02:00", Value:184.44000244140625},
        {Datetime:"2023-09-08T14:00:00+02:00", Value:137.7100067138672},
        {Datetime:"2023-09-08T15:00:00+02:00", Value:136.75},
        {Datetime:"2023-09-08T16:00:00+02:00", Value:136.27999877929688},
        {Datetime:"2023-09-08T17:00:00+02:00", Value:147.47000122070312},
        {Datetime:"2023-09-08T18:00:00+02:00", Value:206.8800048828125},
        {Datetime:"2023-09-08T19:00:00+02:00", Value:216.52000427246094},
        {Datetime:"2023-09-08T20:00:00+02:00", Value:228.11000061035156},
        {Datetime:"2023-09-08T21:00:00+02:00", Value:234.52000427246094},
        {Datetime:"2023-09-08T22:00:00+02:00", Value:188.72000122070312},
        {Datetime:"2023-09-08T23:00:00+02:00", Value:178.6300048828125},
    },
}
domain.PricesDto{
    ID:     "BAR-2023-09-08",
    Date:   "2023-09-08",
    Zone:   domain.ZoneDto{ID:"BAR", ExternalID:"5678", Name:"Bar Zone"},
    Values: {
        {Datetime:"2023-09-08T00:00:00+02:00", Value:151.9600067138672},
        {Datetime:"2023-09-08T01:00:00+02:00", Value:146.2100067138672},
        {Datetime:"2023-09-08T02:00:00+02:00", Value:144.6999969482422},
        {Datetime:"2023-09-08T03:00:00+02:00", Value:144.24000549316406},
        {Datetime:"2023-09-08T04:00:00+02:00", Value:143.22999572753906},
        {Datetime:"2023-09-08T05:00:00+02:00", Value:145.5500030517578},
        {Datetime:"2023-09-08T06:00:00+02:00", Value:147.0399932861328},
        {Datetime:"2023-09-08T07:00:00+02:00", Value:145.02999877929688},
        {Datetime:"2023-09-08T08:00:00+02:00", Value:163.7899932861328},
        {Datetime:"2023-09-08T09:00:00+02:00", Value:162.89999389648438},
        {Datetime:"2023-09-08T10:00:00+02:00", Value:208.94000244140625},
        {Datetime:"2023-09-08T11:00:00+02:00", Value:186.25},
        {Datetime:"2023-09-08T12:00:00+02:00", Value:185.08999633789062},
        {Datetime:"2023-09-08T13:00:00+02:00", Value:184.44000244140625},
        {Datetime:"2023-09-08T14:00:00+02:00", Value:137.7100067138672},
        {Datetime:"2023-09-08T15:00:00+02:00", Value:136.75},
        {Datetime:"2023-09-08T16:00:00+02:00", Value:136.27999877929688},
        {Datetime:"2023-09-08T17:00:00+02:00", Value:147.47000122070312},
        {Datetime:"2023-09-08T18:00:00+02:00", Value:206.8800048828125},
        {Datetime:"2023-09-08T19:00:00+02:00", Value:216.52000427246094},
        {Datetime:"2023-09-08T20:00:00+02:00", Value:228.11000061035156},
        {Datetime:"2023-09-08T21:00:00+02:00", Value:234.52000427246094},
        {Datetime:"2023-09-08T22:00:00+02:00", Value:188.72000122070312},
        {Datetime:"2023-09-08T23:00:00+02:00", Value:178.6300048828125},
    },
}
---
