
[Test_FetchPVPCPrices_Success - 1]
domain.PricesDto{
    ID:     "ZON-2023-09-08",
    Date:   "2023-09-08",
    Zone:   domain.ZoneDto{ID:"ZON", ExternalID:"1234", Name:"Zone Name"},
    Values: {
        {Datetime:"2023-09-08T00:00:00+02:00", Value:150.95},
        {Datetime:"2023-09-08T01:00:00+02:00", Value:138.86},
        {Datetime:"2023-09-08T02:00:00+02:00", Value:129.29},
        {Datetime:"2023-09-08T03:00:00+02:00", Value:128.75},
        {Datetime:"2023-09-08T04:00:00+02:00", Value:125.1},
        {Datetime:"2023-09-08T05:00:00+02:00", Value:120.4},
        {Datetime:"2023-09-08T06:00:00+02:00", Value:134.12},
        {Datetime:"2023-09-08T07:00:00+02:00", Value:154.64},
        {Datetime:"2023-09-08T08:00:00+02:00", Value:182.07},
        {Datetime:"2023-09-08T09:00:00+02:00", Value:161.71},
        {Datetime:"2023-09-08T10:00:00+02:00", Value:190.61},
        {Datetime:"2023-09-08T11:00:00+02:00", Value:183.07},
        {Datetime:"2023-09-08T12:00:00+02:00", Value:181.32},
        {Datetime:"2023-09-08T13:00:00+02:00", Value:180.03},
        {Datetime:"2023-09-08T14:00:00+02:00", Value:133.42},
        {Datetime:"2023-09-08T15:00:00+02:00", Value:134.11},
        {Datetime:"2023-09-08T16:00:00+02:00", Value:145.75},
        {Datetime:"2023-09-08T17:00:00+02:00", Value:166.61},
        {Datetime:"2023-09-08T18:00:00+02:00", Value:216.17},
        {Datetime:"2023-09-08T19:00:00+02:00", Value:230.7},
        {Datetime:"2023-09-08T20:00:00+02:00", Value:260.96},
        {Datetime:"2023-09-08T21:00:00+02:00", Value:241.9},
        {Datetime:"2023-09-08T22:00:00+02:00", Value:177.06},
        {Datetime:"2023-09-08T23:00:00+02:00", Value:174.08},
    },
}
---
